ERC report (2025-09-18T10:25:16+0000, Encoding UTF8)

***** Sheet /
[lib_symbol_issues]: The current configuration does not include the symbol library 'Misc'
    ; warning
    @(0.2032 mm, 0.6858 mm): Symbol J401 [Jumper]

[footprint_link_issues]: The current configuration does not include the footprint library 'Samtec'.
    ; warning
    @(0.3048 mm, 0.9271 mm): Symbol X401 [Conn_ARM_JTAG_SWD_10]

[footprint_link_issues]: The current configuration does not include the footprint library 'Wuerth'.
    ; warning
    @(0.3556 mm, 2.3749 mm): Symbol S401 [SW_Push]

[lib_symbol_mismatch]: Symbol 'FT230XQ' doesn't match copy in library 'Interface_USB'
    ; warning
    @(0.889 mm, 2.4384 mm): Symbol IC403 [FT230XQ]

[footprint_link_issues]: The current configuration does not include the footprint library 'Amphenol'.
    ; warning
    @(2.6416 mm, 0.5461 mm): Symbol X404 [USB_C_Receptacle]

[lib_symbol_issues]: The current configuration does not include the symbol library 'Microchip_Kampi'
    ; warning
    @(2.8702 mm, 1.6256 mm): Symbol IC407 [USB2512BT]

[lib_symbol_issues]: The current configuration does not include the symbol library 'Nexperia'
    ; warning
    @(3.683 mm, 0.2921 mm): Symbol Q401 [BSH205G2AR]

[unresolved_variable]: Unresolved text variable
    ; warning
    @(0.8636 mm, 0.3175 mm): Text Box

[unresolved_variable]: Unresolved text variable
    ; warning
    @(0.889 mm, 0.3556 mm): Text Box

[unresolved_variable]: Unresolved text variable
    ; warning
    @(1.524 mm, 0.3175 mm): Text Box

[unresolved_variable]: Unresolved text variable
    ; warning
    @(1.5494 mm, 0.3556 mm): Text Box

[unresolved_variable]: Unresolved text variable
    ; warning
    @(2.1844 mm, 0.3175 mm): Text Box

[unresolved_variable]: Unresolved text variable
    ; warning
    @(2.2098 mm, 0.3556 mm): Text Box

***** Sheet /Block Diagram/
***** Sheet /Project Architecture/
***** Sheet /Project Architecture/Main/
[pin_to_pin]: Pins of type Open collector and Tri-state are connected
    ; warning
    @(0.4318 mm, 0.8509 mm): Symbol X401 Pin 10 [~{RESET}, Open collector, Line]
    @(0.9398 mm, 0.8763 mm): Symbol IC405 Pin 9 [B2, Tri-state, Line]

[pin_to_pin]: Pins of type Bidirectional and Power output are connected
    ; warning
    @(2.54 mm, 1.6637 mm): Symbol IC407 Pin 16 [PRTPWR2/BC_EN2, Bidirectional, Line]
    @(0.2286 mm, 0.4191 mm): Symbol #FLG0403 Pin 1 [Power output, Line]

[pin_to_pin]: Pins of type Bidirectional and Power output are connected
    ; warning
    @(2.54 mm, 1.778 mm): Symbol IC407 Pin 25 [HS_IND/CFG_SEL1, Bidirectional, Line]
    @(0.2286 mm, 0.4191 mm): Symbol #FLG0403 Pin 1 [Power output, Line]

[multiple_net_names]: Both +3V3 and VDD are attached to the same items; +3V3 will be used in the netlist
    ; warning
    @(0.2032 mm, 2.1209 mm): Symbol #PWR0401 Pin 1 [Power input, Line]
    @(2.8575 mm, 1.3716 mm): Symbol IC407 Hidden pin 23 [VDD, Power input, Line]

[missing_unit]: Symbol SW401 has unplaced units [ Unit B ]
    ; warning
    @(3.7084 mm, 0.635 mm): Symbol SW401 [SW_DPDT_x2]

***** Sheet /Revision History/
 ** ERC messages: 18  Errors 0  Warnings 18
